
> react-vite-tailwind@0.0.0 dev
> vite --host 0.0.0.0

Port 3000 is in use, trying another one...

  VITE v6.2.6  ready in 128 ms

  ➜  Local:   http://localhost:3001/
  ➜  Network: http://192.168.0.127:3001/
(node:17977) [MODULE_TYPELESS_PACKAGE_JSON] Warning: Module type of file:///Users/new/Projects/mead-security/remix2/frontend/postcss.config.js?t=1758390054372 is not specified and it doesn't parse as CommonJS.
Reparsing as ES module because module syntax was detected. This incurs a performance overhead.
To eliminate this warning, add "type": "module" to /Users/new/Projects/mead-security/remix2/frontend/package.json.
(Use `node --trace-warnings ...` to show where the warning was created)
6:41:58 PM [vite] (client) hmr update /src/components/compliance/ComplianceProfileForm.tsx, /src/index.css
6:42:05 PM [vite] (client) hmr update /src/components/compliance/ComplianceProfileForm.tsx, /src/index.css
6:42:12 PM [vite] (client) hmr update /src/components/compliance/ComplianceProfileForm.tsx, /src/index.css
6:42:25 PM [vite] (client) hmr update /src/components/compliance/ComplianceProfileForm.tsx, /src/index.css
6:42:41 PM [vite] (client) hmr update /src/components/compliance/ComplianceProfileForm.tsx, /src/index.css
6:42:46 PM [vite] (client) hmr update /src/components/compliance/ComplianceProfilesList.tsx, /src/index.css
6:42:53 PM [vite] (client) hmr update /src/components/compliance/ComplianceProfilesList.tsx, /src/index.css
6:42:57 PM [vite] (client) hmr update /src/components/compliance/ComplianceProfilesList.tsx, /src/index.css
6:43:07 PM [vite] (client) hmr update /src/components/compliance/ComplianceProfilesList.tsx, /src/index.css
6:43:26 PM [vite] (client) hmr update /src/components/compliance/ComplianceProfileForm.tsx, /src/index.css
6:45:36 PM [vite] (client) hmr update /src/components/compliance/ComplianceProfileForm.tsx, /src/index.css
6:45:59 PM [vite] (client) hmr update /src/components/compliance/ComplianceProfileForm.tsx, /src/index.css
6:46:37 PM [vite] (client) hmr update /src/components/compliance/ComplianceProfileForm.tsx, /src/index.css
