2025-07-19 09:30:01 - Starting auto-checkout processing
2025-07-19 09:30:01 - Activated virtual environment from parent directory
Processed 0 auto-checkouts out of 0 eligible shifts
2025-07-19 09:30:02 - Auto-checkout processing completed successfully
2025-07-19 09:30:02 - Auto-checkout processing finished
2025-07-19 09:45:00 - Starting auto-checkout processing
2025-07-19 09:45:00 - Activated virtual environment from parent directory
Processed 0 auto-checkouts out of 0 eligible shifts
2025-07-19 09:45:01 - Auto-checkout processing completed successfully
2025-07-19 09:45:01 - Auto-checkout processing finished
2025-07-19 10:00:00 - Starting auto-checkout processing
2025-07-19 10:00:01 - Activated virtual environment from parent directory
Processed 0 auto-checkouts out of 0 eligible shifts
2025-07-19 10:00:02 - Auto-checkout processing completed successfully
2025-07-19 10:00:02 - Auto-checkout processing finished
2025-07-19 10:15:00 - Starting auto-checkout processing
2025-07-19 10:15:00 - Activated virtual environment from parent directory
Processed 0 auto-checkouts out of 0 eligible shifts
2025-07-19 10:15:02 - Auto-checkout processing completed successfully
2025-07-19 10:15:02 - Auto-checkout processing finished
2025-07-19 10:30:01 - Starting auto-checkout processing
2025-07-19 10:30:01 - Activated virtual environment from parent directory
Processed 0 auto-checkouts out of 0 eligible shifts
2025-07-19 10:30:02 - Auto-checkout processing completed successfully
2025-07-19 10:30:02 - Auto-checkout processing finished
2025-07-19 10:45:00 - Starting auto-checkout processing
2025-07-19 10:45:00 - Activated virtual environment from parent directory
Processed 0 auto-checkouts out of 0 eligible shifts
2025-07-19 10:45:01 - Auto-checkout processing completed successfully
2025-07-19 10:45:01 - Auto-checkout processing finished
2025-07-19 11:00:00 - Starting auto-checkout processing
2025-07-19 11:00:00 - Activated virtual environment from parent directory
Processed 0 auto-checkouts out of 0 eligible shifts
2025-07-19 11:00:02 - Auto-checkout processing completed successfully
2025-07-19 11:00:02 - Auto-checkout processing finished
2025-07-19 11:15:00 - Starting auto-checkout processing
2025-07-19 11:15:00 - Activated virtual environment from parent directory
Processed 0 auto-checkouts out of 0 eligible shifts
2025-07-19 11:15:02 - Auto-checkout processing completed successfully
2025-07-19 11:15:02 - Auto-checkout processing finished
2025-07-19 11:30:00 - Starting auto-checkout processing
2025-07-19 11:30:00 - Activated virtual environment from parent directory
Processed 0 auto-checkouts out of 0 eligible shifts
2025-07-19 11:30:01 - Auto-checkout processing completed successfully
2025-07-19 11:30:01 - Auto-checkout processing finished
2025-07-19 11:45:00 - Starting auto-checkout processing
2025-07-19 11:45:00 - Activated virtual environment from parent directory
Processed 0 auto-checkouts out of 0 eligible shifts
2025-07-19 11:45:01 - Auto-checkout processing completed successfully
2025-07-19 11:45:01 - Auto-checkout processing finished
2025-07-19 12:00:00 - Starting auto-checkout processing
2025-07-19 12:00:00 - Activated virtual environment from parent directory
Processed 0 auto-checkouts out of 0 eligible shifts
2025-07-19 12:00:01 - Auto-checkout processing completed successfully
2025-07-19 12:00:01 - Auto-checkout processing finished
2025-07-19 12:15:01 - Starting auto-checkout processing
2025-07-19 12:15:01 - Activated virtual environment from parent directory
Processed 0 auto-checkouts out of 0 eligible shifts
2025-07-19 12:15:02 - Auto-checkout processing completed successfully
2025-07-19 12:15:02 - Auto-checkout processing finished
2025-07-19 12:30:00 - Starting auto-checkout processing
2025-07-19 12:30:00 - Activated virtual environment from parent directory
Processed 0 auto-checkouts out of 0 eligible shifts
2025-07-19 12:30:01 - Auto-checkout processing completed successfully
2025-07-19 12:30:01 - Auto-checkout processing finished
2025-07-19 13:15:00 - Starting auto-checkout processing
2025-07-19 13:15:00 - Activated virtual environment from parent directory
Processed 0 auto-checkouts out of 0 eligible shifts
2025-07-19 13:15:02 - Auto-checkout processing completed successfully
2025-07-19 13:15:02 - Auto-checkout processing finished
2025-07-19 13:30:00 - Starting auto-checkout processing
2025-07-19 13:30:00 - Activated virtual environment from parent directory
Processed 0 auto-checkouts out of 0 eligible shifts
2025-07-19 13:30:02 - Auto-checkout processing completed successfully
2025-07-19 13:30:02 - Auto-checkout processing finished
2025-07-19 13:45:00 - Starting auto-checkout processing
2025-07-19 13:45:00 - Activated virtual environment from parent directory
Processed 0 auto-checkouts out of 0 eligible shifts
2025-07-19 13:45:02 - Auto-checkout processing completed successfully
2025-07-19 13:45:02 - Auto-checkout processing finished
2025-07-19 14:00:01 - Starting auto-checkout processing
2025-07-19 14:00:01 - Activated virtual environment from parent directory
Processed 0 auto-checkouts out of 0 eligible shifts
2025-07-19 14:00:02 - Auto-checkout processing completed successfully
2025-07-19 14:00:02 - Auto-checkout processing finished
2025-07-19 14:15:00 - Starting auto-checkout processing
2025-07-19 14:15:00 - Activated virtual environment from parent directory
Processed 0 auto-checkouts out of 0 eligible shifts
2025-07-19 14:15:02 - Auto-checkout processing completed successfully
2025-07-19 14:15:02 - Auto-checkout processing finished
2025-07-19 14:30:00 - Starting auto-checkout processing
2025-07-19 14:30:00 - Activated virtual environment from parent directory
Processed 0 auto-checkouts out of 0 eligible shifts
2025-07-19 14:30:02 - Auto-checkout processing completed successfully
2025-07-19 14:30:02 - Auto-checkout processing finished
2025-07-19 14:45:00 - Starting auto-checkout processing
2025-07-19 14:45:00 - Activated virtual environment from parent directory
Processed 0 auto-checkouts out of 0 eligible shifts
2025-07-19 14:45:01 - Auto-checkout processing completed successfully
2025-07-19 14:45:01 - Auto-checkout processing finished
2025-07-19 15:00:00 - Starting auto-checkout processing
2025-07-19 15:00:01 - Activated virtual environment from parent directory
Processed 0 auto-checkouts out of 0 eligible shifts
2025-07-19 15:00:02 - Auto-checkout processing completed successfully
2025-07-19 15:00:02 - Auto-checkout processing finished
2025-07-19 15:15:00 - Starting auto-checkout processing
2025-07-19 15:15:00 - Activated virtual environment from parent directory
Processed 0 auto-checkouts out of 0 eligible shifts
2025-07-19 15:15:01 - Auto-checkout processing completed successfully
2025-07-19 15:15:01 - Auto-checkout processing finished
2025-07-19 15:30:01 - Starting auto-checkout processing
2025-07-19 15:30:01 - Activated virtual environment from parent directory
Processed 0 auto-checkouts out of 0 eligible shifts
2025-07-19 15:30:02 - Auto-checkout processing completed successfully
2025-07-19 15:30:02 - Auto-checkout processing finished
2025-07-19 15:45:00 - Starting auto-checkout processing
2025-07-19 15:45:00 - Activated virtual environment from parent directory
Processed 0 auto-checkouts out of 0 eligible shifts
2025-07-19 15:45:02 - Auto-checkout processing completed successfully
2025-07-19 15:45:02 - Auto-checkout processing finished
2025-07-19 16:00:00 - Starting auto-checkout processing
2025-07-19 16:00:00 - Activated virtual environment from parent directory
Processed 0 auto-checkouts out of 0 eligible shifts
2025-07-19 16:00:01 - Auto-checkout processing completed successfully
2025-07-19 16:00:01 - Auto-checkout processing finished
2025-07-19 16:15:01 - Starting auto-checkout processing
2025-07-19 16:15:01 - Activated virtual environment from parent directory
Processed 0 auto-checkouts out of 0 eligible shifts
2025-07-19 16:15:02 - Auto-checkout processing completed successfully
2025-07-19 16:15:02 - Auto-checkout processing finished
2025-07-19 16:30:00 - Starting auto-checkout processing
2025-07-19 16:30:00 - Activated virtual environment from parent directory
AUTO-CHECKOUT: Shift 348 - James44 at BIMM INSTITUTE UNIVERSITY
Processed 1 auto-checkouts out of 1 eligible shifts
2025-07-19 16:30:02 - Auto-checkout processing completed successfully
2025-07-19 16:30:02 - Auto-checkout processing finished
2025-07-21 01:01:49 - Starting auto-checkout processing
2025-07-21 01:01:49 - Activated virtual environment from parent directory
Processed 0 auto-checkouts out of 0 eligible shifts
2025-07-21 02:02:41 - Auto-checkout processing completed successfully
2025-07-21 02:02:41 - Auto-checkout processing finished
2025-07-21 08:30:00 - Starting auto-checkout processing
2025-07-21 08:30:00 - Activated virtual environment from parent directory
Processed 0 auto-checkouts out of 0 eligible shifts
2025-07-21 08:30:01 - Auto-checkout processing completed successfully
2025-07-21 08:30:01 - Auto-checkout processing finished
2025-07-21 08:45:01 - Starting auto-checkout processing
2025-07-21 08:45:01 - Activated virtual environment from parent directory
Processed 0 auto-checkouts out of 0 eligible shifts
2025-07-21 08:45:02 - Auto-checkout processing completed successfully
2025-07-21 08:45:02 - Auto-checkout processing finished
2025-07-21 09:00:00 - Starting auto-checkout processing
2025-07-21 09:00:00 - Activated virtual environment from parent directory
Processed 0 auto-checkouts out of 0 eligible shifts
2025-07-21 09:00:02 - Auto-checkout processing completed successfully
2025-07-21 09:00:02 - Auto-checkout processing finished
2025-07-21 09:15:00 - Starting auto-checkout processing
2025-07-21 09:15:00 - Activated virtual environment from parent directory
Processed 0 auto-checkouts out of 0 eligible shifts
2025-07-21 09:15:02 - Auto-checkout processing completed successfully
2025-07-21 09:15:02 - Auto-checkout processing finished
2025-07-21 09:30:00 - Starting auto-checkout processing
2025-07-21 09:30:01 - Activated virtual environment from parent directory
Processed 0 auto-checkouts out of 0 eligible shifts
2025-07-21 09:30:02 - Auto-checkout processing completed successfully
2025-07-21 09:30:02 - Auto-checkout processing finished
2025-07-22 01:00:00 - Starting auto-checkout processing
2025-07-22 01:00:00 - Activated virtual environment from parent directory
Processed 0 auto-checkouts out of 0 eligible shifts
2025-07-22 01:00:02 - Auto-checkout processing completed successfully
2025-07-22 01:00:02 - Auto-checkout processing finished
2025-07-22 01:15:00 - Starting auto-checkout processing
2025-07-22 01:15:00 - Activated virtual environment from parent directory
Processed 0 auto-checkouts out of 0 eligible shifts
2025-07-22 01:15:01 - Auto-checkout processing completed successfully
2025-07-22 01:15:01 - Auto-checkout processing finished
2025-07-22 01:30:01 - Starting auto-checkout processing
2025-07-22 01:30:01 - Activated virtual environment from parent directory
Processed 0 auto-checkouts out of 0 eligible shifts
2025-07-22 01:30:02 - Auto-checkout processing completed successfully
2025-07-22 01:30:02 - Auto-checkout processing finished
2025-07-22 08:34:39 - Starting auto-checkout processing
2025-07-22 08:34:39 - Activated virtual environment from parent directory
Processed 0 auto-checkouts out of 0 eligible shifts
2025-07-22 08:34:40 - Auto-checkout processing completed successfully
2025-07-22 08:34:40 - Auto-checkout processing finished
2025-07-22 11:46:34 - Starting auto-checkout processing
2025-07-22 11:46:34 - Activated virtual environment from parent directory
Processed 0 auto-checkouts out of 0 eligible shifts
2025-07-22 11:46:36 - Auto-checkout processing completed successfully
2025-07-22 11:46:36 - Auto-checkout processing finished
2025-07-22 16:00:28 - Starting auto-checkout processing
2025-07-22 16:00:28 - Activated virtual environment from parent directory
Processed 0 auto-checkouts out of 0 eligible shifts
2025-07-22 16:00:29 - Auto-checkout processing completed successfully
2025-07-22 16:00:29 - Auto-checkout processing finished
2025-07-23 09:00:00 - Starting auto-checkout processing
2025-07-23 09:00:00 - Activated virtual environment from parent directory
Processed 0 auto-checkouts out of 0 eligible shifts
2025-07-23 09:00:02 - Auto-checkout processing completed successfully
2025-07-23 09:00:02 - Auto-checkout processing finished
2025-07-23 09:30:01 - Starting auto-checkout processing
2025-07-23 09:30:01 - Activated virtual environment from parent directory
Processed 0 auto-checkouts out of 0 eligible shifts
2025-07-23 09:30:03 - Auto-checkout processing completed successfully
2025-07-23 09:30:03 - Auto-checkout processing finished
2025-07-23 09:45:00 - Starting auto-checkout processing
2025-07-23 09:45:00 - Activated virtual environment from parent directory
Processed 0 auto-checkouts out of 0 eligible shifts
2025-07-23 09:45:01 - Auto-checkout processing completed successfully
2025-07-23 09:45:01 - Auto-checkout processing finished
2025-07-23 10:00:01 - Starting auto-checkout processing
2025-07-23 10:00:01 - Activated virtual environment from parent directory
Processed 0 auto-checkouts out of 0 eligible shifts
2025-07-23 10:00:02 - Auto-checkout processing completed successfully
2025-07-23 10:00:02 - Auto-checkout processing finished
2025-07-23 10:15:00 - Starting auto-checkout processing
2025-07-23 10:15:00 - Activated virtual environment from parent directory
Processed 0 auto-checkouts out of 0 eligible shifts
2025-07-23 10:15:02 - Auto-checkout processing completed successfully
2025-07-23 10:15:02 - Auto-checkout processing finished
2025-07-23 10:30:00 - Starting auto-checkout processing
2025-07-23 10:30:00 - Activated virtual environment from parent directory
Processed 0 auto-checkouts out of 0 eligible shifts
2025-07-23 10:30:01 - Auto-checkout processing completed successfully
2025-07-23 10:30:01 - Auto-checkout processing finished
2025-07-23 10:45:00 - Starting auto-checkout processing
2025-07-23 10:45:00 - Activated virtual environment from parent directory
Processed 0 auto-checkouts out of 0 eligible shifts
2025-07-23 10:45:02 - Auto-checkout processing completed successfully
2025-07-23 10:45:02 - Auto-checkout processing finished
2025-07-23 11:00:00 - Starting auto-checkout processing
2025-07-23 11:00:00 - Activated virtual environment from parent directory
Processed 0 auto-checkouts out of 0 eligible shifts
2025-07-23 11:00:02 - Auto-checkout processing completed successfully
2025-07-23 11:00:02 - Auto-checkout processing finished
2025-07-23 11:15:00 - Starting auto-checkout processing
2025-07-23 11:15:00 - Activated virtual environment from parent directory
Processed 0 auto-checkouts out of 0 eligible shifts
2025-07-23 11:15:02 - Auto-checkout processing completed successfully
2025-07-23 11:15:02 - Auto-checkout processing finished
2025-07-23 11:30:01 - Starting auto-checkout processing
2025-07-23 11:30:01 - Activated virtual environment from parent directory
Processed 0 auto-checkouts out of 0 eligible shifts
2025-07-23 11:30:02 - Auto-checkout processing completed successfully
2025-07-23 11:30:02 - Auto-checkout processing finished
2025-07-23 11:45:00 - Starting auto-checkout processing
2025-07-23 11:45:00 - Activated virtual environment from parent directory
Processed 0 auto-checkouts out of 0 eligible shifts
2025-07-23 11:45:01 - Auto-checkout processing completed successfully
2025-07-23 11:45:01 - Auto-checkout processing finished
2025-07-23 12:00:00 - Starting auto-checkout processing
2025-07-23 12:00:00 - Activated virtual environment from parent directory
Processed 0 auto-checkouts out of 0 eligible shifts
2025-07-23 12:00:01 - Auto-checkout processing completed successfully
2025-07-23 12:00:01 - Auto-checkout processing finished
2025-07-23 12:15:00 - Starting auto-checkout processing
2025-07-23 12:15:01 - Activated virtual environment from parent directory
Processed 0 auto-checkouts out of 0 eligible shifts
2025-07-23 12:15:01 - Auto-checkout processing completed successfully
2025-07-23 12:15:01 - Auto-checkout processing finished
2025-07-23 12:30:01 - Starting auto-checkout processing
2025-07-23 12:30:01 - Activated virtual environment from parent directory
Processed 0 auto-checkouts out of 0 eligible shifts
2025-07-23 12:30:02 - Auto-checkout processing completed successfully
2025-07-23 12:30:02 - Auto-checkout processing finished
